2026-01-06 16:11:35 - INFO - Connected to SurrealDB at https://21.214.199.225/surrealdb
2026-01-06 16:11:35 - INFO - ============================================================
2026-01-06 16:11:35 - INFO - SurrealDB Unified Mixed Load Benchmark
2026-01-06 16:11:35 - INFO - ============================================================
2026-01-06 16:11:35 - INFO - Configuration:
2026-01-06 16:11:35 - INFO -   URL:              https://21.214.199.225/surrealdb
2026-01-06 16:11:35 - INFO -   Concurrency:      20 workers
2026-01-06 16:11:35 - INFO -   Duration:         60 seconds
2026-01-06 16:11:35 - INFO -   Read Ratio:       70%
2026-01-06 16:11:35 - INFO -   Heartbeat Ratio:  80% (of writes)
2026-01-06 16:11:35 - INFO -   Health Interval:  5.0s
2026-01-06 16:11:35 - INFO - 
2026-01-06 16:11:35 - INFO - Collecting database info before benchmark...
2026-01-06 16:11:38 - INFO - Loading existing data (limit=10000)...
2026-01-06 16:11:38 - INFO -   Loaded 10000 pods
2026-01-06 16:11:38 - INFO -   Loaded 150 services
2026-01-06 16:11:38 - INFO -   Found 16 unique namespaces
2026-01-06 16:11:38 - INFO - Initial health: ok (24.2ms)
2026-01-06 16:11:38 - INFO - 
Starting benchmark at 16:11:38...
2026-01-06 16:11:38 - INFO - ------------------------------------------------------------
2026-01-06 16:11:38 - INFO - Health check worker started (interval=5.0s)
2026-01-06 16:11:38 - INFO - [0.0s] Health: ✓ ok (30.9ms)
2026-01-06 16:11:43 - INFO - [5.0s] Health: ✓ ok (7.9ms)
2026-01-06 16:11:48 - INFO - [10.1s] Health: ✓ ok (6.9ms)
2026-01-06 16:11:53 - INFO - [15.1s] Health: ✓ ok (6.8ms)
2026-01-06 16:11:58 - INFO - [20.1s] Health: ✓ ok (13.4ms)
2026-01-06 16:12:03 - INFO - [25.1s] Health: ✓ ok (3.5ms)
2026-01-06 16:12:08 - INFO - [30.1s] Health: ✓ ok (8.7ms)
2026-01-06 16:12:13 - INFO - [35.1s] Health: ✓ ok (11.6ms)
2026-01-06 16:12:18 - INFO - [40.1s] Health: ✓ ok (9.0ms)
2026-01-06 16:12:23 - INFO - [45.1s] Health: ✓ ok (10.1ms)
2026-01-06 16:12:28 - INFO - [50.1s] Health: ✓ ok (28.9ms)
2026-01-06 16:12:33 - INFO - [55.2s] Health: ✓ ok (2.3ms)
2026-01-06 16:12:38 - INFO - [60.2s] Health: ✓ ok (2.6ms)
2026-01-06 16:12:38 - INFO - Health check worker stopped
2026-01-06 16:12:39 - INFO - Collecting database info after benchmark...
2026-01-06 16:12:41 - INFO - ------------------------------------------------------------
2026-01-06 16:12:41 - INFO - Benchmark completed at 16:12:41

======================================================================
BENCHMARK RESULTS
======================================================================

──────────────────────────────────────────────────────────────────────
OVERALL STATISTICS
──────────────────────────────────────────────────────────────────────
  Total Time:       60.55 seconds
  Total Operations: 3,359
  QPS:              55.5 ops/sec
  Errors:           0
  Success Rate:     100.00%

──────────────────────────────────────────────────────────────────────
OPERATION BREAKDOWN
──────────────────────────────────────────────────────────────────────
  Read Operations:  2,335 (69.5%)
    - Single:       932
    - Batch:        720
    - Relation:     683
  Write Operations: 1,024 (30.5%)
    - Heartbeat:    820
    - New:          204

──────────────────────────────────────────────────────────────────────
LATENCY STATISTICS (ms)
──────────────────────────────────────────────────────────────────────
  Overall (3,359 samples):
    p50: 240.03  p95: 955.30  p99: 1010.97
    avg: 359.33  min: 32.68  max: 1122.40
  Read (2,335 samples):
    p50: 235.77  p95: 587.69  p99: 610.74
  Write (204 samples):
    p50: 67.25  p95: 893.11  p99: 908.31
  Heartbeat (820 samples):
    p50: 886.67  p95: 1005.88  p99: 1039.85

──────────────────────────────────────────────────────────────────────
HEALTH CHECK RECORDS
──────────────────────────────────────────────────────────────────────
  Total Checks:     15
  OK:               15
  Errors:           0
  Avg Latency:      11.31ms

──────────────────────────────────────────────────────────────────────
DATABASE INFO (BEFORE)
──────────────────────────────────────────────────────────────────────

  [NAMESPACE: default]
    Databases: 6
      - benchmark
      - benchmark_v2
      - benchmark_v3
      - benchmark_v4
      - event_test
    Users: 0

  [DATABASE: benchmark]
    Tables: 61
      - apm_service: ? records
      - apm_service_instance: ? records
      - apm_service_instance_with_pod: ? records
      - apm_service_instance_with_system: ? records
      - apm_service_with_apm_service_instance: ? records
      - app_version: ? records
      - app_version_with_container: ? records
      - app_version_with_git_commit: ? records
      - app_version_with_system: ? records
      - biz: ? records
    Functions: 30
      - kv_block
      - relation_id
      - upsert_apm_service
      - upsert_apm_service_instance
      - upsert_app_version
      - upsert_biz
      - upsert_bklogconfig
      - upsert_cluster
      - upsert_container
      - upsert_daemonset

  [TABLE DETAILS]
    apm_service:
      Fields: 4
    apm_service_instance:
      Fields: 5
    apm_service_instance_with_pod:
      Fields: 4
    apm_service_instance_with_system:
      Fields: 4
    apm_service_with_apm_service_instance:
      Fields: 4
    app_version:
      Fields: 4
    app_version_with_container:
      Fields: 4
    app_version_with_git_commit:
      Fields: 4
    app_version_with_system:
      Fields: 4
    biz:
      Fields: 3
    biz_with_set:
      Fields: 4
    bklogconfig:
      Fields: 4
    bklogconfig_with_datasource:
      Fields: 4
    cluster:
      Fields: 3
    container:
      Fields: 6
    container_with_environment:
      Fields: 4
    container_with_pod:
      Fields: 4
    daemonset:
      Fields: 5
    daemonset_with_pod:
      Fields: 4
    datasource:
      Fields: 3
    datasource_with_node:
      Fields: 4
    datasource_with_pod:
      Fields: 4
    deployment:
      Fields: 5
    deployment_with_replicaset:
      Fields: 4
    domain:
      Fields: 4
    domain_with_service:
      Fields: 4
    environment:
      Fields: 3
    environment_with_system:
      Fields: 4
    git_commit:
      Fields: 4
    host:
      Fields: 3
    host_with_module:
      Fields: 4
    host_with_system:
      Fields: 4
    ingress:
      Fields: 5
    ingress_with_service:
      Fields: 4
    job:
      Fields: 5
    job_with_pod:
      Fields: 4
    k8s_address:
      Fields: 4
    k8s_address_with_service:
      Fields: 4
    metric:
      Fields: 6
    module:
      Fields: 3
    module_with_set:
      Fields: 4
    namespace:
      Fields: 4
    node:
      Fields: 4
    node_has_metric:
      Fields: 5
    node_with_pod:
      Fields: 4
    node_with_system:
      Fields: 4
    pod:
      Fields: 5
    pod_to_pod:
      Fields: 4
    pod_to_system:
      Fields: 4
    pod_with_replicaset:
      Fields: 4
    pod_with_service:
      Fields: 4
    pod_with_statefulset:
      Fields: 4
    relation_has_metric:
      Fields: 5
    replicaset:
      Fields: 5
    service:
      Fields: 5
    service_to_service:
      Fields: 4
    set:
      Fields: 3
    statefulset:
      Fields: 5
    system:
      Fields: 4
    system_to_pod:
      Fields: 4
    system_to_system:
      Fields: 4

──────────────────────────────────────────────────────────────────────
DATABASE INFO (AFTER)
──────────────────────────────────────────────────────────────────────

  [NAMESPACE: default]
    Databases: 6
      - benchmark
      - benchmark_v2
      - benchmark_v3
      - benchmark_v4
      - event_test
    Users: 0

  [DATABASE: benchmark]
    Tables: 61
      - apm_service: ? records
      - apm_service_instance: ? records
      - apm_service_instance_with_pod: ? records
      - apm_service_instance_with_system: ? records
      - apm_service_with_apm_service_instance: ? records
      - app_version: ? records
      - app_version_with_container: ? records
      - app_version_with_git_commit: ? records
      - app_version_with_system: ? records
      - biz: ? records
    Functions: 30
      - kv_block
      - relation_id
      - upsert_apm_service
      - upsert_apm_service_instance
      - upsert_app_version
      - upsert_biz
      - upsert_bklogconfig
      - upsert_cluster
      - upsert_container
      - upsert_daemonset

  [TABLE DETAILS]
    apm_service:
      Fields: 4
    apm_service_instance:
      Fields: 5
    apm_service_instance_with_pod:
      Fields: 4
    apm_service_instance_with_system:
      Fields: 4
    apm_service_with_apm_service_instance:
      Fields: 4
    app_version:
      Fields: 4
    app_version_with_container:
      Fields: 4
    app_version_with_git_commit:
      Fields: 4
    app_version_with_system:
      Fields: 4
    biz:
      Fields: 3
    biz_with_set:
      Fields: 4
    bklogconfig:
      Fields: 4
    bklogconfig_with_datasource:
      Fields: 4
    cluster:
      Fields: 3
    container:
2026-01-06 16:12:41 - INFO - Results exported to tests/20260106/result_20.json
      Fields: 6
    container_with_environment:
      Fields: 4
    container_with_pod:
      Fields: 4
    daemonset:
      Fields: 5
    daemonset_with_pod:
      Fields: 4
    datasource:
      Fields: 3
    datasource_with_node:
      Fields: 4
    datasource_with_pod:
      Fields: 4
    deployment:
      Fields: 5
    deployment_with_replicaset:
      Fields: 4
    domain:
      Fields: 4
    domain_with_service:
      Fields: 4
    environment:
      Fields: 3
    environment_with_system:
      Fields: 4
    git_commit:
      Fields: 4
    host:
      Fields: 3
    host_with_module:
      Fields: 4
    host_with_system:
      Fields: 4
    ingress:
      Fields: 5
    ingress_with_service:
      Fields: 4
    job:
      Fields: 5
    job_with_pod:
      Fields: 4
    k8s_address:
      Fields: 4
    k8s_address_with_service:
      Fields: 4
    metric:
      Fields: 6
    module:
      Fields: 3
    module_with_set:
      Fields: 4
    namespace:
      Fields: 4
    node:
      Fields: 4
    node_has_metric:
      Fields: 5
    node_with_pod:
      Fields: 4
    node_with_system:
      Fields: 4
    pod:
      Fields: 5
    pod_to_pod:
      Fields: 4
    pod_to_system:
      Fields: 4
    pod_with_replicaset:
      Fields: 4
    pod_with_service:
      Fields: 4
    pod_with_statefulset:
      Fields: 4
    relation_has_metric:
      Fields: 5
    replicaset:
      Fields: 5
    service:
      Fields: 5
    service_to_service:
      Fields: 4
    set:
      Fields: 3
    statefulset:
      Fields: 5
    system:
      Fields: 4
    system_to_pod:
      Fields: 4
    system_to_system:
      Fields: 4

──────────────────────────────────────────────────────────────────────
TABLE RECORD CHANGES
──────────────────────────────────────────────────────────────────────
  pod: 20000 -> 20536 (+536)
  service: 150 -> 401 (+251)
  pod_with_service: 20000 -> 20000 (0)

======================================================================
2026-01-06 16:12:41 - INFO - Connected to SurrealDB at https://21.214.199.225/surrealdb
2026-01-06 16:12:41 - INFO - ======================================================================
2026-01-06 16:12:41 - INFO - SurrealDB Benchmark - Plan 01: Active Windows
2026-01-06 16:12:41 - INFO - ======================================================================
2026-01-06 16:12:41 - INFO - Configuration:
2026-01-06 16:12:41 - INFO -   URL:              https://21.214.199.225/surrealdb
2026-01-06 16:12:41 - INFO -   Namespace/DB:     default/benchmark_v4
2026-01-06 16:12:41 - INFO -   Concurrency:      20 workers
2026-01-06 16:12:41 - INFO -   Duration:         60 seconds
2026-01-06 16:12:41 - INFO -   Read Ratio:       70%
2026-01-06 16:12:41 - INFO -   Heartbeat Ratio:  80% (of writes)
2026-01-06 16:12:41 - INFO -   Health Interval:  5.0s
2026-01-06 16:12:41 - INFO - 
2026-01-06 16:12:41 - INFO - Collecting table counts before benchmark...
2026-01-06 16:12:42 - INFO -   container: 200
2026-01-06 16:12:42 - INFO -   deployment: 5
2026-01-06 16:12:42 - INFO -   node: 10
2026-01-06 16:12:42 - INFO -   pod: 10000
2026-01-06 16:12:42 - INFO -   pod_with_service: 4135
2026-01-06 16:12:42 - INFO -   replicaset: 5
2026-01-06 16:12:42 - INFO -   service: 5
2026-01-06 16:12:42 - INFO - Loading existing data (limit=10000)...
2026-01-06 16:12:42 - INFO -   Loaded 10000 pods
2026-01-06 16:12:42 - INFO -   Loaded 5 services
2026-01-06 16:12:42 - INFO -   Found 1 unique namespaces
2026-01-06 16:12:42 - INFO - Initial health: ok (2.9ms)
2026-01-06 16:12:42 - INFO - 
Starting benchmark at 16:12:42...
2026-01-06 16:12:42 - INFO - ----------------------------------------------------------------------
2026-01-06 16:12:42 - INFO - Health check worker started (interval=5.0s)
2026-01-06 16:12:42 - INFO - [0.0s] Health: ✓ ok (11.3ms)
2026-01-06 16:12:47 - INFO - [5.0s] Health: ✓ ok (4.0ms)
2026-01-06 16:12:52 - INFO - [10.0s] Health: ✓ ok (3.4ms)
2026-01-06 16:12:57 - INFO - [15.0s] Health: ✓ ok (8.6ms)
2026-01-06 16:13:02 - INFO - [20.0s] Health: ✓ ok (4.8ms)
2026-01-06 16:13:07 - INFO - [25.1s] Health: ✓ ok (8.7ms)
2026-01-06 16:13:12 - INFO - [30.1s] Health: ✓ ok (11.6ms)
2026-01-06 16:13:17 - INFO - [35.1s] Health: ✓ ok (12.4ms)
2026-01-06 16:13:22 - INFO - [40.1s] Health: ✓ ok (5.7ms)
2026-01-06 16:13:27 - INFO - [45.1s] Health: ✓ ok (3.6ms)
2026-01-06 16:13:32 - INFO - [50.1s] Health: ✓ ok (6.7ms)
2026-01-06 16:13:37 - INFO - [55.1s] Health: ✓ ok (3.4ms)
2026-01-06 16:13:42 - INFO - [60.1s] Health: ✓ ok (4.1ms)
2026-01-06 16:13:42 - INFO - Health check worker stopped
2026-01-06 16:13:42 - INFO - Collecting table counts after benchmark...
2026-01-06 16:13:43 - INFO - ----------------------------------------------------------------------
2026-01-06 16:13:43 - INFO - Benchmark completed at 16:13:43
2026-01-06 16:13:43 - INFO - Results exported to tests/20260106/result_20.json

======================================================================
BENCHMARK RESULTS - Plan 01: Active Windows
======================================================================

──────────────────────────────────────────────────────────────────────
OVERALL STATISTICS
──────────────────────────────────────────────────────────────────────
  Total Time:       60.22 seconds
  Total Operations: 23,526
  QPS:              390.7 ops/sec
  Errors:           0
  Success Rate:     100.00%

──────────────────────────────────────────────────────────────────────
OPERATION BREAKDOWN
──────────────────────────────────────────────────────────────────────
  Read Operations:  16,558 (70.4%)
    - Single:       6,590
    - Batch:        4,970
    - Relation:     4,998
  Write Operations: 6,968 (29.6%)
    - Heartbeat:    5,634
    - New:          1,334

──────────────────────────────────────────────────────────────────────
LATENCY STATISTICS (ms)
──────────────────────────────────────────────────────────────────────
  Overall (23,526 samples):
    p50: 45.81  p95: 78.22  p99: 92.23
    avg: 51.08  min: 32.61  max: 140.61
  Read (16,558 samples):
    p50: 48.35  p95: 81.66  p99: 93.91
  Heartbeat (5,634 samples):
    p50: 42.47  p95: 57.13  p99: 68.54
  Write New (1,334 samples):
    p50: 42.73  p95: 57.07  p99: 69.68

──────────────────────────────────────────────────────────────────────
HEALTH CHECK RECORDS
──────────────────────────────────────────────────────────────────────
  Total Checks:     15
  OK:               15
  Errors:           0
  Avg Latency:      6.23ms

──────────────────────────────────────────────────────────────────────
TABLE RECORD CHANGES
──────────────────────────────────────────────────────────────────────
  container                     :      200 ->      200 (0)
  deployment                    :        5 ->        5 (0)
  node                          :       10 ->       10 (0)
  pod                           :    10000 ->    10650 (+650)
  pod_with_service              :     4135 ->     4954 (+819)
  replicaset                    :        5 ->        5 (0)
  service                       :        5 ->      689 (+684)

======================================================================

############################################################
# Running Benchmark: Plan 00: created_at
# Duration: 60s, Concurrency: 20
# Read Ratio: 70%, Heartbeat Ratio: 80%
# Output: 00.plan_created_at/tests/20260106/result_20.json
############################################################

============================================================
Running: python3 003.benchmark_surrealdb.py --duration 60 --concurrency 20 --read-ratio 70 --heartbeat-ratio 80 --output tests/20260106/result_20.json
Working dir: 00.plan_created_at
============================================================


############################################################
# Running Benchmark: Plan 01: active_windows
# Duration: 60s, Concurrency: 20
# Read Ratio: 70%, Heartbeat Ratio: 80%
# Output: 01.plan_active_windows/tests/20260106/result_20.json
############################################################

============================================================
Running: python3 003.benchmark_surrealdb.py --duration 60 --concurrency 20 --read-ratio 70 --heartbeat-ratio 80 --output tests/20260106/result_20.json
Working dir: 01.plan_active_windows
============================================================


Comparison report saved to: results/20260106/comparison_result_20.json

======================================================================
BENCHMARK COMPARISON SUMMARY
======================================================================
Plan 00: created_at (Function-based upsert)
Plan 01: active_windows (UPSERT MERGE + Event)
----------------------------------------------------------------------

QPS (ops/sec):
  Plan 00: 55.5
  Plan 01: 390.7
  Diff:    +335.2 (+604.3%)
  Winner:  plan_01

Overall Latency (ms):
  Metric        Plan 00      Plan 01       Winner
  -------- ------------ ------------ ------------
  p50            240.03        45.81      plan_01
  p95            955.30        78.22      plan_01
  p99           1010.97        92.23      plan_01
  avg            359.33        51.08      plan_01

Heartbeat Latency (ms):
  Metric        Plan 00      Plan 01       Winner
  -------- ------------ ------------ ------------
  p50            886.67        42.47      plan_01
  p95           1005.88        57.13      plan_01
  p99           1039.85        68.54      plan_01

Success Rate:
  Plan 00: 100.00%
  Plan 01: 100.00%

Operations:
  Type                 Plan 00      Plan 01
  --------------- ------------ ------------
  Total Ops              3,359       23,526
  Total Reads            2,335       16,558
  Total Writes           1,024        6,968
  Errors                     0            0

======================================================================

============================================================
BENCHMARK COMPLETED
============================================================
Date: 20260106
  Plan 00: 00.plan_created_at/tests/20260106/result_20.json
  Plan 01: 01.plan_active_windows/tests/20260106/result_20.json
  Comparison: results/20260106/comparison_result_20.json
